2026-05-21 06:39:17,324 | INFO | HTTP Request: GET https://checkip.amazonaws.com/ "HTTP/1.1 200 "
2026-05-21 06:39:18,000 | INFO | HTTP Request: GET https://api.gradio.app/pkg-version "HTTP/1.1 200 OK"
2026-05-21 06:49:39,488 | INFO | HTTP Request: GET https://checkip.amazonaws.com/ "HTTP/1.1 200 "
2026-05-21 06:49:40,261 | INFO | HTTP Request: GET https://api.gradio.app/pkg-version "HTTP/1.1 200 OK"
2026-05-21 06:58:44,149 | INFO | HTTP Request: GET https://checkip.amazonaws.com/ "HTTP/1.1 200 "
2026-05-21 06:58:44,840 | INFO | HTTP Request: GET https://api.gradio.app/pkg-version "HTTP/1.1 200 OK"
2026-05-21 06:59:38,815 | INFO | HTTP Request: GET https://checkip.amazonaws.com/ "HTTP/1.1 200 "
2026-05-21 06:59:39,537 | INFO | HTTP Request: GET https://api.gradio.app/pkg-version "HTTP/1.1 200 OK"
2026-05-21 07:00:52,690 | INFO | HTTP Request: GET https://checkip.amazonaws.com/ "HTTP/1.1 200 "
2026-05-21 07:00:53,345 | INFO | HTTP Request: GET https://api.gradio.app/pkg-version "HTTP/1.1 200 OK"
2026-05-21 07:01:46,336 | INFO | HTTP Request: GET https://checkip.amazonaws.com/ "HTTP/1.1 200 "
2026-05-21 07:01:47,212 | INFO | HTTP Request: GET https://api.gradio.app/pkg-version "HTTP/1.1 200 OK"
2026-05-21 07:03:44,396 | INFO | [c5c14f9b] Received prediction request
2026-05-21 07:03:44,478 | INFO | [c5c14f9b] Starting preprocessing
2026-05-21 07:03:44,550 | INFO | Loading model for inference
2026-05-21 07:03:44,550 | INFO | [c5c14f9b] Loading model
2026-05-21 07:03:48,111 | INFO | Input shape: (1, 38)
2026-05-21 07:03:48,112 | INFO | [c5c14f9b] Running prediction
2026-05-21 07:03:48,124 | INFO | Prediction generated: [1]
2026-05-21 07:03:48,124 | INFO | [c5c14f9b] Prediction response: Likely to churn
2026-05-21 07:44:54,972 | INFO | HTTP Request: GET https://checkip.amazonaws.com/ "HTTP/1.1 200 "
2026-05-21 07:44:55,679 | INFO | HTTP Request: GET https://api.gradio.app/pkg-version "HTTP/1.1 200 OK"
2026-05-21 07:46:29,271 | INFO | [016c5c89] Received prediction request
2026-05-21 07:46:29,306 | INFO | [016c5c89] Starting preprocessing
2026-05-21 07:46:29,345 | INFO | Loading model for inference
2026-05-21 07:46:29,345 | INFO | [016c5c89] Loading model
2026-05-21 07:46:33,098 | INFO | Input shape: (1, 38)
2026-05-21 07:46:33,099 | INFO | [016c5c89] Running prediction
2026-05-21 07:46:33,110 | INFO | Prediction generated: [1]
2026-05-21 07:46:33,111 | INFO | [016c5c89] Prediction response: Likely to churn
